// Jest Snapshot v1, https://goo.gl/fbAQLP

exports[`Integration test cenario 1 1`] = `
Object {
  "juros": 0.025,
  "montante": 106.9,
  "parcelas": 3,
  "prestacoes": Array [
    35.64,
    35.63,
    35.63,
  ],
  "primeiraPrestacao": 35.64,
}
`;

exports[`Integration test cenario 2 1`] = `
Object {
  "juros": 0.025,
  "montante": 106.9,
  "parcelas": 3,
  "prestacoes": Array [
    35.64,
    35.63,
    35.63,
  ],
  "primeiraPrestacao": 35.64,
}
`;

exports[`Integration test cenario 3 1`] = `
Object {
  "juros": 0.025,
  "montante": 106.9,
  "parcelas": 3,
  "prestacoes": Array [
    35.64,
    35.63,
    35.63,
  ],
  "primeiraPrestacao": 35.64,
}
`;
